PS D:\333> mkdir build


    目录: D:\333


Mode                 LastWriteTime         Length Name
----                 -------------         ------ ----
d-----        2023/10/29     19:53                build


PS D:\333> cd build
PS D:\333\build> cmake -G "MinGW Makefiles" ..
-- The C compiler identification is GNU 8.1.0
-- The CXX compiler identification is GNU 8.1.0
-- Detecting C compiler ABI info
-- Detecting C compiler ABI info - done
-- Check for working C compiler: C:/Program Files/mingw-w64/x86_64-8.1.0-release-win32-sjlj-rt_v6-rev0/mingw64/bin/gcc.exe - skipped
-- Detecting C compile features
-- Detecting C compile features - done
-- Detecting CXX compiler ABI info
-- Detecting CXX compiler ABI info - done
-- Check for working CXX compiler: C:/Program Files/mingw-w64/x86_64-8.1.0-release-win32-sjlj-rt_v6-rev0/mingw64/bin/c++.exe - skipped
-- Detecting CXX compile features
-- Detecting CXX compile features - done
-- Configuring done (1.8s)
-- Generating done (0.0s)
-- Build files have been written to: D:/333/build
PS D:\333\build> make
[ 33%] Building CXX object CMakeFiles/hc.dir/main.cpp.obj
[ 66%] Building CXX object CMakeFiles/hc.dir/hello.cpp.obj
[100%] Linking CXX executable hc.exe
[100%] Built target hc
PS D:\333\build> hc.exe
hc.exe : 无法将“hc.exe”项识别为 cmdlet、函数、脚本文件或可运行程序的名称
。请检查名称的拼写，如果包括路径，请确保路径正确，然后再试一次。
所在位置 行:1 字符: 1
+ hc.exe
+ ~~~~~~
    + CategoryInfo          : ObjectNotFound: (hc.exe:String) [], Command  
   NotFoundException
    + FullyQualifiedErrorId : CommandNotFoundException


Suggestion [3,General]: 找不到命令 hc.exe，但它确实存在于当前位置。默认情况下，Windows PowerShell 不会从当前位置加载命令。如果信任此命令，请改为键入“.\hc.exe”。有关详细信息，请参阅 "get-help about_Command_Precedence"。       
PS D:\333\build> .\hc.exe
Hello CMake!