PS D:\cmaketest\ddl> mkdir build


    目录: D:\cmaketest\ddl


Mode                 LastWriteTime         Length Name
----                 -------------         ------ ----
d-----         2023/11/3     20:50                build


PS D:\cmaketest\ddl> cd build
PS D:\cmaketest\ddl\build> cmake -G"MinGW Makefiles" ..
CMake Deprecation Warning at CMakeLists.txt:1 (cmake_minimum_required):
  Compatibility with CMake < 3.5 will be removed from a future version of
  CMake.

  Update the VERSION argument <min> value or use a ...<max> suffix to tell
  CMake that the project does not need compatibility with older versions.


-- The C compiler identification is GNU 8.1.0
-- The CXX compiler identification is GNU 8.1.0
-- Detecting C compiler ABI info
-- Detecting C compiler ABI info - done
-- Check for working C compiler: C:/Program Files/mingw-w64/x86_64-8.1.0-release-win32-sjlj-rt_v6-rev0/mingw64/bin/gcc.exe - skipped
-- Detecting C compile features
-- Detecting C compile features - done
-- Detecting CXX compiler ABI info
-- Detecting CXX compiler ABI info - done
-- Check for working CXX compiler: C:/Program Files/mingw-w64/x86_64-8.1.0-release-win32-sjlj-rt_v6-rev0/mingw64/bin/c++.exe - skipped
-- Detecting CXX compile features
-- Detecting CXX compile features - done
CMake Error: File D:/cmaketest/ddl/2.in does not exist.
CMake Error at CMakeLists.txt:6 (configure_file):
  configure_file Problem configuring file


-- Configuring incomplete, errors occurred!
PS D:\cmaketest\ddl\build> cmake --build .
mingw32-make.exe: Makefile: No such file or directory
mingw32-make.exe: *** No rule to make target 'Makefile'.  Stop.
PS D:\cmaketest\ddl\build> cmake -G"MinGW Makefiles" ..
CMake Deprecation Warning at CMakeLists.txt:1 (cmake_minimum_required):       
  Compatibility with CMake < 3.5 will be removed from a future version of     
  CMake.
PS D:\cmaketest\ddl\build> cmake --build .
[ 50%] Building CXX object CMakeFiles/ddl.dir/1.cpp.obj
D:\cmaketest\ddl\1.cpp: In function 'int main()':
D:\cmaketest\ddl\1.cpp:11:49: error: expected primary-expression before '<<' token
     std::cout << " Version " << A_VERSION_MAJOR << "." << A_VERSION_MINOR << "." <<A_VERSION_PATCH<<" "<<std::endl;
                                                 ^~
D:\cmaketest\ddl\1.cpp:11:75: error: expected primary-expression before '<<' token
     std::cout << " Version " << A_VERSION_MAJOR << "." << A_VERSION_MINOR << "." <<A_VERSION_PATCH<<" "<<std::endl;
                                                                           ^~
D:\cmaketest\ddl\1.cpp:11:99: error: expected primary-expression before '<<' token
     std::cout << " Version " << A_VERSION_MAJOR << "." << A_VERSION_MINOR << "." <<A_VERSION_PATCH<<" "<<std::endl;
                                                                                                   ^~
mingw32-make.exe[2]: *** [CMakeFiles\ddl.dir\build.make:76: CMakeFiles/ddl.dir/1.cpp.obj] Error 1
mingw32-make.exe[1]: *** [CMakeFiles\Makefile2:82: CMakeFiles/ddl.dir/all] Error 2
mingw32-make.exe: *** [Makefile:90: all] Error 2
PS D:\cmaketest\ddl\build>
PS D:\cmaketest\ddl\build> 
PS D:\cmaketest\ddl\build> 
PS D:\cmaketest\ddl\build> mkdir build


    目录: D:\cmaketest\ddl\build


Mode                 LastWriteTime         Length Name
----                 -------------         ------ ----
d-----         2023/11/3     20:59                build


PS D:\cmaketest\ddl\build> cd builld
cd : 找不到路径“D:\cmaketest\ddl\build\builld”，因为该路径不存在。
所在位置 行:1 字符: 1
+ cd builld
+ ~~~~~~~~~
    + CategoryInfo          : ObjectNotFound: (D:\cmaketest\ddl\build\builld:String) [Set-Location], ItemNotFoundException
    + FullyQualifiedErrorId : PathNotFound,Microsoft.PowerShell.Commands.SetLocationCommand

PS D:\cmaketest\ddl\build> cd build
PS D:\cmaketest\ddl\build\build> cd build
cd : 找不到路径“D:\cmaketest\ddl\build\build\build”，因为该路径不存在。       
所在位置 行:1 字符: 1
+ cd build
+ ~~~~~~~~
    + CategoryInfo          : ObjectNotFound: (D:\cmaketest\ddl\build\build\build:String) [Set-Location], ItemNotFoundException
    + FullyQualifiedErrorId : PathNotFound,Microsoft.PowerShell.Commands.SetLocationCommand

PS D:\cmaketest\ddl\build\build> cd ..
PS D:\cmaketest\ddl\build> cd ..
PS D:\cmaketest\ddl> rm -fo -r .\build\
PS D:\cmaketest\ddl> mkdir build


    目录: D:\cmaketest\ddl


Mode                 LastWriteTime         Length Name
----                 -------------         ------ ----
d-----         2023/11/3     21:00                build


PS D:\cmaketest\ddl> cd build
PS D:\cmaketest\ddl\build> cmake -G"MinGW Makefiles" .
CMake Warning:
  Ignoring extra path from command line:

   "."


CMake Error: The source directory "D:/cmaketest/ddl/build" does not appear to contain CMakeLists.txt.
Specify --help for usage, or press the help button on the CMake GUI.
PS D:\cmaketest\ddl\build> cmake -G"MinGW Makefiles" ..
CMake Deprecation Warning at CMakeLists.txt:1 (cmake_minimum_required):
  Compatibility with CMake < 3.5 will be removed from a future version of     
  CMake.

  Update the VERSION argument <min> value or use a ...<max> suffix to tell    
  CMake that the project does not need compatibility with older versions.     


-- The C compiler identification is GNU 8.1.0
-- The CXX compiler identification is GNU 8.1.0
-- Detecting C compiler ABI info
-- Detecting C compiler ABI info - done
-- Check for working C compiler: C:/Program Files/mingw-w64/x86_64-8.1.0-release-win32-sjlj-rt_v6-rev0/mingw64/bin/gcc.exe - skipped
-- Detecting C compile features
-- Detecting C compile features - done
-- Detecting CXX compiler ABI info
-- Detecting CXX compiler ABI info - done
-- Check for working CXX compiler: C:/Program Files/mingw-w64/x86_64-8.1.0-release-win32-sjlj-rt_v6-rev0/mingw64/bin/c++.exe - skipped
-- Detecting CXX compile features
-- Detecting CXX compile features - done
-- Configuring done (1.3s)
-- Generating done (0.0s)
-- Build files have been written to: D:/cmaketest/ddl/build
PS D:\cmaketest\ddl\build> cmake --build
Usage: cmake --build <dir>             [options] [-- [native-options]]
       cmake --build --preset <preset> [options] [-- [native-options]]
Options:
  <dir>          = Project binary directory to be built.
  --preset <preset>, --preset=<preset>
                 = Specify a build preset.
  --list-presets[=<type>]
                 = List available build presets.
  --parallel [<jobs>], -j [<jobs>]
                 = Build in parallel using the given number of jobs.
                   If <jobs> is omitted the native build tool's
                   default number is used.
                   The CMAKE_BUILD_PARALLEL_LEVEL environment variable
                   specifies a default parallel level when this option
                   is not given.
  -t <tgt>..., --target <tgt>...
                 = Build <tgt> instead of default targets.
  --config <cfg> = For multi-configuration tools, choose <cfg>.
  --clean-first  = Build target 'clean' first, then build.
                   (To clean only, use --target 'clean'.)
  --resolve-package-references={on|only|off}
                 = Restore/resolve package references during build.
  -v, --verbose  = Enable verbose output - if supported - including
                   the build commands to be executed.
  --             = Pass remaining options to the native tool.
PS D:\cmaketest\ddl\build> cmake --build .
[ 50%] Building CXX object CMakeFiles/ddl.dir/A.cpp.obj
D:\cmaketest\ddl\A.cpp: In function 'int main()':
D:\cmaketest\ddl\A.cpp:12:49: error: expected primary-expression before '<<' token
     std::cout << " Version " << A_VERSION_MAJOR << "." << A_VERSION_MINOR << "." <<A_VERSION_PATCH<<" "<<std::endl;
                                                 ^~
D:\cmaketest\ddl\A.cpp:12:75: error: expected primary-expression before '<<' token
     std::cout << " Version " << A_VERSION_MAJOR << "." << A_VERSION_MINOR << "." <<A_VERSION_PATCH<<" "<<std::endl;
                                                                           ^~
D:\cmaketest\ddl\A.cpp:12:99: error: expected primary-expression before '<<' token
     std::cout << " Version " << A_VERSION_MAJOR << "." << A_VERSION_MINOR << "." <<A_VERSION_PATCH<<" "<<std::endl;
                                                                                                   ^~
mingw32-make.exe[2]: *** [CMakeFiles\ddl.dir\build.make:76: CMakeFiles/ddl.dir/A.cpp.obj] Error 1
mingw32-make.exe[1]: *** [CMakeFiles\Makefile2:82: CMakeFiles/ddl.dir/all] Error 2
mingw32-make.exe: *** [Makefile:90: all] Error 2
PS D:\cmaketest\ddl\build> cmake --build .
[ 50%] Building CXX object CMakeFiles/ddl.dir/A.cpp.obj
D:\cmaketest\ddl\A.cpp: In function 'int main()':
D:\cmaketest\ddl\A.cpp:13:49: error: expected primary-expression before '<<' token
     std::cout << " Version " << A_VERSION_MAJOR << "." << A_VERSION_MINOR << "." <<A_VERSION_PATCH<<" "<<std::endl;
                                                 ^~
D:\cmaketest\ddl\A.cpp:13:75: error: expected primary-expression before '<<' token
     std::cout << " Version " << A_VERSION_MAJOR << "." << A_VERSION_MINOR << "." <<A_VERSION_PATCH<<" "<<std::endl;
                                                                           ^~
D:\cmaketest\ddl\A.cpp:13:99: error: expected primary-expression before '<<' token
     std::cout << " Version " << A_VERSION_MAJOR << "." << A_VERSION_MINOR << "." <<A_VERSION_PATCH<<" "<<std::endl;
                                                                                                   ^~
mingw32-make.exe[2]: *** [CMakeFiles\ddl.dir\build.make:76: CMakeFiles/ddl.dir/A.cpp.obj] Error 1
mingw32-make.exe[1]: *** [CMakeFiles\Makefile2:82: CMakeFiles/ddl.dir/all] Error 2
mingw32-make.exe: *** [Makefile:90: all] Error 2
PS D:\cmaketest\ddl\build> rm -fo -r .\build\
rm : 找不到路径“D:\cmaketest\ddl\build\build\”，因为该路径不存在。
所在位置 行:1 字符: 1
+ rm -fo -r .\build\
+ ~~~~~~~~~~~~~~~~~~
    + CategoryInfo          : ObjectNotFound: (D:\cmaketest\ddl\build\build\:String) [Remove-Item], ItemNotFoundException
    + FullyQualifiedErrorId : PathNotFound,Microsoft.PowerShell.Commands.RemoveItemCommand

PS D:\cmaketest\ddl\build> cd ..
PS D:\cmaketest\ddl> rm -fo -r .\build\
PS D:\cmaketest\ddl> mkdir build


    目录: D:\cmaketest\ddl


Mode                 LastWriteTime         Length Name
----                 -------------         ------ ----
d-----         2023/11/3     21:07                build


PS D:\cmaketest\ddl> cd build
PS D:\cmaketest\ddl\build> cmake -G"Makefiles" .
CMake Error: Could not create named generator Makefiles

Generators
* Visual Studio 17 2022        = Generates Visual Studio 2022 project files.
                                 Use -A option to specify architecture.
  Visual Studio 16 2019        = Generates Visual Studio 2019 project files.
                                 Use -A option to specify architecture.
  Visual Studio 15 2017 [arch] = Generates Visual Studio 2017 project files.
                                 Optional [arch] can be "Win64" or "ARM".
  Visual Studio 14 2015 [arch] = Generates Visual Studio 2015 project files.
                                 Optional [arch] can be "Win64" or "ARM".
  Visual Studio 12 2013 [arch] = Deprecated.  Generates Visual Studio 2013
                                 project files.  Optional [arch] can be
                                 "Win64" or "ARM".
  Visual Studio 9 2008 [arch]  = Deprecated.  Generates Visual Studio 2008
                                 project files.  Optional [arch] can be
                                 "Win64" or "IA64".
  Borland Makefiles            = Generates Borland makefiles.
  NMake Makefiles              = Generates NMake makefiles.
  NMake Makefiles JOM          = Generates JOM makefiles.
  MSYS Makefiles               = Generates MSYS makefiles.
  MinGW Makefiles              = Generates a make file for use with
                                 mingw32-make.
  Green Hills MULTI            = Generates Green Hills MULTI files
                                 (experimental, work-in-progress).
  Unix Makefiles               = Generates standard UNIX makefiles.
  Ninja                        = Generates build.ninja files.
  Ninja Multi-Config           = Generates build-<Config>.ninja files.
  Watcom WMake                 = Generates Watcom WMake makefiles.
  CodeBlocks - MinGW Makefiles = Generates CodeBlocks project files
                                 (deprecated).
  CodeBlocks - NMake Makefiles = Generates CodeBlocks project files
                                 (deprecated).
  CodeBlocks - NMake Makefiles JOM
                               = Generates CodeBlocks project files
                                 (deprecated).
  CodeBlocks - Ninja           = Generates CodeBlocks project files
                                 (deprecated).
  CodeBlocks - Unix Makefiles  = Generates CodeBlocks project files
                                 (deprecated).
  CodeLite - MinGW Makefiles   = Generates CodeLite project files
                                 (deprecated).
  CodeLite - NMake Makefiles   = Generates CodeLite project files
                                 (deprecated).
  CodeLite - Ninja             = Generates CodeLite project files
                                 (deprecated).
  CodeLite - Unix Makefiles    = Generates CodeLite project files
                                 (deprecated).
  Eclipse CDT4 - NMake Makefiles
                               = Generates Eclipse CDT 4.0 project files
                                 (deprecated).
  Eclipse CDT4 - MinGW Makefiles
                               = Generates Eclipse CDT 4.0 project files
                                 (deprecated).
  Eclipse CDT4 - Ninja         = Generates Eclipse CDT 4.0 project files
                                 (deprecated).
  Eclipse CDT4 - Unix Makefiles= Generates Eclipse CDT 4.0 project files
                                 (deprecated).
  Kate - MinGW Makefiles       = Generates Kate project files (deprecated).
  Kate - NMake Makefiles       = Generates Kate project files (deprecated).
  Kate - Ninja                 = Generates Kate project files (deprecated).
  Kate - Ninja Multi-Config    = Generates Kate project files (deprecated).
  Kate - Unix Makefiles        = Generates Kate project files (deprecated).
  Sublime Text 2 - MinGW Makefiles
                               = Generates Sublime Text 2 project files
                                 (deprecated).
  Sublime Text 2 - NMake Makefiles
                               = Generates Sublime Text 2 project files
                                 (deprecated).
  Sublime Text 2 - Ninja       = Generates Sublime Text 2 project files
                                 (deprecated).
  Sublime Text 2 - Unix Makefiles
                               = Generates Sublime Text 2 project files
                                 (deprecated).

CMake Warning:
  Ignoring extra path from command line:

   "."


PS D:\cmaketest\ddl\build> cmake -G"MinGW Makefiles" ..
CMake Deprecation Warning at CMakeLists.txt:1 (cmake_minimum_required):
  Compatibility with CMake < 3.5 will be removed from a future version of
  CMake.

  Update the VERSION argument <min> value or use a ...<max> suffix to tell
  CMake that the project does not need compatibility with older versions.


-- The C compiler identification is GNU 8.1.0
-- The CXX compiler identification is GNU 8.1.0
-- Detecting C compiler ABI info
-- Detecting C compiler ABI info - done
-- Check for working C compiler: C:/Program Files/mingw-w64/x86_64-8.1.0-release-win32-sjlj-rt_v6-rev0/mingw64/bin/gcc.exe - skipped
-- Detecting C compile features
-- Detecting C compile features - done
-- Detecting CXX compiler ABI info
-- Detecting CXX compiler ABI info - done
-- Check for working CXX compiler: C:/Program Files/mingw-w64/x86_64-8.1.0-release-win32-sjlj-rt_v6-rev0/mingw64/bin/c++.exe - skipped
-- Detecting CXX compile features
-- Detecting CXX compile features - done
CMake Error: File D:/cmaketest/ddl/2.h.in does not exist.
CMake Error at CMakeLists.txt:6 (configure_file):
  configure_file Problem configuring file


-- Configuring incomplete, errors occurred!
PS D:\cmaketest\ddl\build> cmake --build .
mingw32-make.exe: Makefile: No such file or directory
mingw32-make.exe: *** No rule to make target 'Makefile'.  Stop.
PS D:\cmaketest\ddl\build> cmake -G"MinGW Makefiles" ..
CMake Deprecation Warning at CMakeLists.txt:1 (cmake_minimum_required):
  Compatibility with CMake < 3.5 will be removed from a future version of
  CMake.

  Update the VERSION argument <min> value or use a ...<max> suffix to tell
  CMake that the project does not need compatibility with older versions.


-- Configuring done (0.1s)
-- Generating done (0.0s)
-- Build files have been written to: D:/cmaketest/ddl/build
PS D:\cmaketest\ddl\build> cmake --build .
[ 50%] Building CXX object CMakeFiles/ddl.dir/A.cpp.obj
D:\cmaketest\ddl\A.cpp:7:10: fatal error: 2.h: No such file or directory
 #include <2.h>
          ^~~~~
compilation terminated.
mingw32-make.exe[2]: *** [CMakeFiles\ddl.dir\build.make:76: CMakeFiles/ddl.dir/A.cpp.obj] Error 1
mingw32-make.exe[1]: *** [CMakeFiles\Makefile2:82: CMakeFiles/ddl.dir/all] Error 2
mingw32-make.exe: *** [Makefile:90: all] Error 2
PS D:\cmaketest\ddl\build> cd ..
PS D:\cmaketest\ddl> rm -fo -r .\build\
PS D:\cmaketest\ddl> cmake -G"MinGW Makefiles" ..
CMake Warning:
  Ignoring extra path from command line:

   ".."


CMake Error: The source directory "D:/cmaketest" does not appear to contain CMakeLists.txt.
Specify --help for usage, or press the help button on the CMake GUI.
PS D:\cmaketest\ddl> mkdir build 


    目录: D:\cmaketest\ddl


Mode                 LastWriteTime         Length Name
----                 -------------         ------ ----
d-----         2023/11/3     21:10                build


PS D:\cmaketest\ddl> cd build
PS D:\cmaketest\ddl\build> cmake -G"MinGW Makefiles" ..
CMake Deprecation Warning at CMakeLists.txt:1 (cmake_minimum_required):
  Compatibility with CMake < 3.5 will be removed from a future version of
  CMake.

  Update the VERSION argument <min> value or use a ...<max> suffix to tell
  CMake that the project does not need compatibility with older versions.


-- The C compiler identification is GNU 8.1.0
-- The CXX compiler identification is GNU 8.1.0
-- Detecting C compiler ABI info
-- Detecting C compiler ABI info - done
-- Check for working C compiler: C:/Program Files/mingw-w64/x86_64-8.1.0-release-win32-sjlj-rt_v6-rev0/mingw64/bin/gcc.exe - skipped
-- Detecting C compile features
-- Detecting C compile features - done
-- Detecting CXX compiler ABI info
-- Detecting CXX compiler ABI info - done
-- Check for working CXX compiler: C:/Program Files/mingw-w64/x86_64-8.1.0-release-win32-sjlj-rt_v6-rev0/mingw64/bin/c++.exe - skipped
-- Detecting CXX compile features
-- Detecting CXX compile features - done
-- Configuring done (1.3s)
-- Generating done (0.0s)
-- Build files have been written to: D:/cmaketest/ddl/build
PS D:\cmaketest\ddl\build> cmake --build .
[ 50%] Building CXX object CMakeFiles/ddl.dir/A.cpp.obj
D:\cmaketest\ddl\A.cpp: In function 'int main()':
D:\cmaketest\ddl\A.cpp:13:49: error: expected primary-expression before '<<' token
     std::cout << " Version " << A_VERSION_MAJOR << "." << A_VERSION_MINOR << "." <<A_VERSION_PATCH<<" "<<std::endl;
                                                 ^~
D:\cmaketest\ddl\A.cpp:13:75: error: expected primary-expression before '<<' token
     std::cout << " Version " << A_VERSION_MAJOR << "." << A_VERSION_MINOR << "." <<A_VERSION_PATCH<<" "<<std::endl;
                                                                           ^~
D:\cmaketest\ddl\A.cpp:13:99: error: expected primary-expression before '<<' token
     std::cout << " Version " << A_VERSION_MAJOR << "." << A_VERSION_MINOR << "." <<A_VERSION_PATCH<<" "<<std::endl;
                                                                                                   ^~
mingw32-make.exe[2]: *** [CMakeFiles\ddl.dir\build.make:76: CMakeFiles/ddl.dir/A.cpp.obj] Error 1
mingw32-make.exe[1]: *** [CMakeFiles\Makefile2:82: CMakeFiles/ddl.dir/all] Error 2
mingw32-make.exe: *** [Makefile:90: all] Error 2
PS D:\cmaketest\ddl\build> ^C
PS D:\cmaketest\ddl\build> ^C